// Jest Snapshot v1, https://goo.gl/fbAQLP

exports[`movie-search api learning tests can find by person 1`] = `
Object {
  "page": 1,
  "results": Array [
    Object {
      "adult": false,
      "id": 549372,
      "known_for": Array [
        Object {
          "adult": false,
          "backdrop_path": "/nBOCxIqRG4TV4C7AOwHZGkv6jgd.jpg",
          "genre_ids": Array [
            10752,
            18,
            36,
          ],
          "id": 406449,
          "media_type": "movie",
          "original_language": "pl",
          "original_title": "Wołyń",
          "overview": "Summer of 1939. Zosia is a young Polish girl who is deeply in love with Ukrainian Petro. Their great love will be put to the test when her father decides to marry her to a wealthy widower Skiba. Right after wedding she is left alone because her husband is drafted to the Polish army for the war with Germany. Meanwhile, tensions grow due to Jews, Poles, and Ukrainians living side by side.",
          "popularity": 7.82,
          "poster_path": "/a9JKt1hcPX4gkuEk5qgyMn2Nmf0.jpg",
          "release_date": "2016-10-07",
          "title": "Hatred",
          "video": false,
          "vote_average": 7.6,
          "vote_count": 42,
        },
        Object {
          "adult": false,
          "backdrop_path": "/7kHAgXlhXRs1a2lNzgkdEGrJNTk.jpg",
          "genre_ids": Array [
            28,
            18,
            53,
          ],
          "id": 458386,
          "media_type": "movie",
          "original_language": "pl",
          "original_title": "Botoks",
          "overview": "\\"Botoks\\" is intended to be a record of the authentic history of strong, determined and expressive physicians who struggle with life's decisions and problems: discrimination, maternity pressures, the pursuit of youth, the fight for the right to free choice and own views.",
          "popularity": 1.496,
          "poster_path": "/oWZLnt39ap5yJcBcAXRBCfGlhWM.jpg",
          "release_date": "2017-09-29",
          "title": "Botox",
          "video": false,
          "vote_average": 4,
          "vote_count": 34,
        },
        Object {
          "adult": false,
          "backdrop_path": "/4b2CfYQDgGnVSgsQ9y8qfBnrUyv.jpg",
          "genre_ids": Array [
            18,
            53,
          ],
          "id": 314371,
          "media_type": "movie",
          "original_language": "pl",
          "original_title": "11 Minut",
          "overview": "The lives of urbanites intertwine in a world where anything can happen at any time.",
          "popularity": 1.673,
          "poster_path": "/sokTfx8A0JW9Yr5BFlhqGrnCo0f.jpg",
          "release_date": "2015-09-02",
          "title": "11 Minutes",
          "video": false,
          "vote_average": 5.8,
          "vote_count": 21,
        },
      ],
      "name": "Janusz Chabior",
      "popularity": 0.828,
      "profile_path": "/kRdx0PEU6CidvmFshvXSOay4oFg.jpg",
    },
    Object {
      "adult": false,
      "id": 2130669,
      "known_for": Array [
        Object {
          "adult": false,
          "backdrop_path": "/sA9SYdW1DkCQlqKiEl4mlL3QtpK.jpg",
          "genre_ids": Array [
            18,
          ],
          "id": 549071,
          "media_type": "movie",
          "original_language": "pl",
          "original_title": "Zwykle losy Zofii",
          "overview": "Sophie has bad luck in life. She is a romantic, she doesn’t like her job and everyday, little inconveniences meet her. Real trouble starts when she meets her ex partner from whom she once ran away to another city. In the beginning, the girl believes in his transformation but their relationship turns into a string of fights and verbal abuse again. Sophie decides for a final resolution – she calls on her father.",
          "popularity": 0.6,
          "poster_path": "/iGG17jBlN1tAD6gNyVZSVGMZPUD.jpg",
          "release_date": "2018-09-18",
          "title": "Sophie's Ordinary Life",
          "video": false,
          "vote_average": 0,
          "vote_count": 0,
        },
      ],
      "name": "Nikodem Chabior",
      "popularity": 0.6,
      "profile_path": null,
    },
  ],
  "total_pages": 1,
  "total_results": 2,
}
`;

exports[`movie-search api learning tests can find by title 1`] = `
Object {
  "page": 1,
  "results": Array [
    Object {
      "adult": false,
      "backdrop_path": "/4iJfYYoQzZcONB9hNzg0J0wWyPH.jpg",
      "genre_ids": Array [
        12,
        28,
        878,
      ],
      "id": 11,
      "original_language": "en",
      "original_title": "Star Wars",
      "overview": "Princess Leia is captured and held hostage by the evil Imperial forces in their effort to take over the galactic Empire. Venturesome Luke Skywalker and dashing captain Han Solo team together with the loveable robot duo R2-D2 and C-3PO to rescue the beautiful princess and restore peace and justice in the Empire.",
      "popularity": 41.198,
      "poster_path": "/btTdmkgIvOi0FFip1sPuZI2oQG6.jpg",
      "release_date": "1977-05-25",
      "title": "Star Wars",
      "video": false,
      "vote_average": 8.2,
      "vote_count": 10985,
    },
    Object {
      "adult": false,
      "backdrop_path": "/wqtaHWOEZ3rXDJ8c6ZZShulbo18.jpg",
      "genre_ids": Array [
        18,
        10749,
      ],
      "id": 332562,
      "original_language": "en",
      "original_title": "A Star Is Born",
      "overview": "Seasoned musician Jackson Maine discovers — and falls in love with — struggling artist Ally. She has just about given up on her dream to make it big as a singer — until Jack coaxes her into the spotlight. But even as Ally's career takes off, the personal side of their relationship is breaking down, as Jack fights an ongoing battle with his own internal demons.",
      "popularity": 61.985,
      "poster_path": "/wrFpXMNBRj2PBiN4Z5kix51XaIZ.jpg",
      "release_date": "2018-10-03",
      "title": "A Star Is Born",
      "video": false,
      "vote_average": 7.5,
      "vote_count": 4603,
    },
    Object {
      "adult": false,
      "backdrop_path": "/1XOSh6BFZbQ0xN75m4avqgzClyG.jpg",
      "genre_ids": Array [
        878,
        28,
        12,
      ],
      "id": 13475,
      "original_language": "en",
      "original_title": "Star Trek",
      "overview": "The fate of the galaxy rests in the hands of bitter rivals. One, James Kirk, is a delinquent, thrill-seeking Iowa farm boy. The other, Spock, a Vulcan, was raised in a logic-based society that rejects all emotion. As fiery instinct clashes with calm reason, their unlikely but powerful partnership is the only thing capable of leading their crew through unimaginable danger, boldly going where no one has gone before. The human adventure has begun again.",
      "popularity": 16.237,
      "poster_path": "/xPihqTMhCh6b8DHYzE61jrIiNMS.jpg",
      "release_date": "2009-05-06",
      "title": "Star Trek",
      "video": false,
      "vote_average": 7.4,
      "vote_count": 6216,
    },
    Object {
      "adult": false,
      "backdrop_path": "/gpVg9EA5tieNCxmPtx9KTbUKXrU.jpg",
      "genre_ids": Array [
        35,
        12,
        10751,
        14,
        16,
      ],
      "id": 355547,
      "original_language": "en",
      "original_title": "The Star",
      "overview": "A small but brave donkey and his animal friends become the unsung heroes of the greatest story ever told, the first Christmas.",
      "popularity": 10.807,
      "poster_path": "/tEbDvivUfsCupngKIfMJJ725eAD.jpg",
      "release_date": "2017-11-15",
      "title": "The Star",
      "video": false,
      "vote_average": 5.4,
      "vote_count": 221,
    },
    Object {
      "adult": false,
      "backdrop_path": "/baNQpUlmX8shVmJBGHMSL5Y6MBl.jpg",
      "genre_ids": Array [
        14,
        12,
        878,
        28,
      ],
      "id": 181808,
      "original_language": "en",
      "original_title": "Star Wars: The Last Jedi",
      "overview": "Rey develops her newly discovered abilities with the guidance of Luke Skywalker, who is unsettled by the strength of her powers. Meanwhile, the Resistance prepares to do battle with the First Order.",
      "popularity": 35.148,
      "poster_path": "/kOVEVeg59E0wsnXmF9nrh6OmWII.jpg",
      "release_date": "2017-12-13",
      "title": "Star Wars: The Last Jedi",
      "video": false,
      "vote_average": 7,
      "vote_count": 8079,
    },
    Object {
      "adult": false,
      "backdrop_path": "/avlmo0dGdvxoHny2QIFpLJxqfwW.jpg",
      "genre_ids": Array [
        35,
        28,
      ],
      "id": 22599,
      "original_language": "en",
      "original_title": "Star",
      "overview": "The Driver now carries an arrogant rock star who is visiting a major city (not Pittsburgh as earlier believed). Played by Madonna, this title character wants to get away from her bodyguards in the Driver's BMW. He soon gets tired of her and decides to have a bit of fun.",
      "popularity": 2.514,
      "poster_path": "/1CQJxevtaJkyYZjcSFkR10fpdmk.jpg",
      "release_date": "2001-06-01",
      "title": "Star",
      "video": false,
      "vote_average": 6.7,
      "vote_count": 34,
    },
    Object {
      "adult": false,
      "backdrop_path": "/pH0rtDSgBM98Ho8HgiEq8topsxL.jpg",
      "genre_ids": Array [
        28,
        12,
        878,
      ],
      "id": 348350,
      "original_language": "en",
      "original_title": "Solo: A Star Wars Story",
      "overview": "Through a series of daring escapades deep within a dark and dangerous criminal underworld, Han Solo meets his mighty future copilot Chewbacca and encounters the notorious gambler Lando Calrissian.",
      "popularity": 28.89,
      "poster_path": "/3IGbjc5ZC5yxim5W0sFING2kdcz.jpg",
      "release_date": "2018-05-15",
      "title": "Solo: A Star Wars Story",
      "video": false,
      "vote_average": 6.6,
      "vote_count": 3425,
    },
    Object {
      "adult": false,
      "backdrop_path": "/ns0IojuqJe24AHTxe8RVcWJUCDM.jpg",
      "genre_ids": Array [
        28,
        12,
        878,
      ],
      "id": 54138,
      "original_language": "en",
      "original_title": "Star Trek Into Darkness",
      "overview": "When the crew of the Enterprise is called back home, they find an unstoppable force of terror from within their own organization has detonated the fleet and everything it stands for, leaving our world in a state of crisis.  With a personal score to settle, Captain Kirk leads a manhunt to a war-zone world to capture a one man weapon of mass destruction. As our heroes are propelled into an epic chess game of life and death, love will be challenged, friendships will be torn apart, and sacrifices must be made for the only family Kirk has left: his crew.",
      "popularity": 16.781,
      "poster_path": "/41mhrXASAW3sdn7LBWF49uCX0xi.jpg",
      "release_date": "2013-05-05",
      "title": "Star Trek Into Darkness",
      "video": false,
      "vote_average": 7.4,
      "vote_count": 6010,
    },
    Object {
      "adult": false,
      "backdrop_path": "/6uBlEXZCUHM15UNZqNig17VdN4m.jpg",
      "genre_ids": Array [
        28,
        12,
        878,
      ],
      "id": 188927,
      "original_language": "en",
      "original_title": "Star Trek Beyond",
      "overview": "The USS Enterprise crew explores the furthest reaches of uncharted space, where they encounter a mysterious new enemy who puts them and everything the Federation stands for to the test.",
      "popularity": 16.441,
      "poster_path": "/mLrQMqyZgLeP8FrT5LCobKAiqmK.jpg",
      "release_date": "2016-07-07",
      "title": "Star Trek Beyond",
      "video": false,
      "vote_average": 6.7,
      "vote_count": 4139,
    },
    Object {
      "adult": false,
      "backdrop_path": "/jAWu7vxLOIiDwskIXnF8zqtCnRw.jpg",
      "genre_ids": Array [
        18,
        9648,
        10749,
      ],
      "id": 26748,
      "original_language": "en",
      "original_title": "Lone Star",
      "overview": "When the skeleton of his murdered predecessor is found, Sheriff Sam Deeds unearths many other long-buried secrets in his Texas border town.",
      "popularity": 7.475,
      "poster_path": "/eSuuTqr5wmzWu4OCS51Qw0q6VrV.jpg",
      "release_date": "1996-06-21",
      "title": "Lone Star",
      "video": false,
      "vote_average": 7,
      "vote_count": 130,
    },
    Object {
      "adult": false,
      "backdrop_path": "/njv65RTipNSTozFLuF85jL0bcQe.jpg",
      "genre_ids": Array [
        28,
        12,
        878,
        14,
      ],
      "id": 140607,
      "original_language": "en",
      "original_title": "Star Wars: The Force Awakens",
      "overview": "Thirty years after defeating the Galactic Empire, Han Solo and his allies face a new threat from the evil Kylo Ren and his army of Stormtroopers.",
      "popularity": 24.777,
      "poster_path": "/weUSwMdQIa3NaXVzwUoIIcAi85d.jpg",
      "release_date": "2015-12-15",
      "title": "Star Wars: The Force Awakens",
      "video": false,
      "vote_average": 7.4,
      "vote_count": 12224,
    },
    Object {
      "adult": false,
      "backdrop_path": "/A5A5JxKXwLNS9MU2B0i4Zfu5tz4.jpg",
      "genre_ids": Array [
        35,
        878,
      ],
      "id": 1410,
      "original_language": "en",
      "original_title": "Dark Star",
      "overview": "A low-budget, sci-fi satire that focuses on a group of scientists whose mission is to destroy unstable planets. 20 years into their mission, they have battle their alien mascot, that resembles a beach ball, as well as a \\"sensitive\\" and intelligent bombing device that starts to question the meaning of its existence.",
      "popularity": 6.763,
      "poster_path": "/eeoSwN8l0mj1gEzRzmXvoAUXxDh.jpg",
      "release_date": "1974-04-01",
      "title": "Dark Star",
      "video": false,
      "vote_average": 6.3,
      "vote_count": 188,
    },
    Object {
      "adult": false,
      "backdrop_path": "/7rBbIWriZUllqLabRYtN8O4tDTu.jpg",
      "genre_ids": Array [
        10402,
        18,
        35,
      ],
      "id": 12508,
      "original_language": "en",
      "original_title": "Rock Star",
      "overview": "Rock Star tells the story of Chris Cole and a rock band called Steel Dragon. Cole is a photocopier technician by day, and the lead singer of a Steel Dragon tribute band called \\"Blood Pollution\\" by night.Internal struggles between the Steel Dragon band members culminate with the firing of the lead singer, Bobby Beers and the starting of recruitment sessions to find a new vocalist. Loosely inspired by the true story of the heavy metal band Judas Priest.",
      "popularity": 6.304,
      "poster_path": "/eMbsUnRfRciBGLclsqmICPOXbir.jpg",
      "release_date": "2001-09-04",
      "title": "Rock Star",
      "video": false,
      "vote_average": 6.1,
      "vote_count": 288,
    },
    Object {
      "adult": false,
      "backdrop_path": "/welkOTUozJ968u1KLx33vPpo7aS.jpg",
      "genre_ids": Array [
        878,
        28,
        12,
        53,
      ],
      "id": 199,
      "original_language": "en",
      "original_title": "Star Trek: First Contact",
      "overview": "The Borg, a relentless race of cyborgs, are on a direct course for Earth. Violating orders to stay away from the battle, Captain Picard and the crew of the newly-commissioned USS Enterprise E pursue the Borg back in time to prevent the invaders from changing Federation history and assimilating the galaxy.",
      "popularity": 12.324,
      "poster_path": "/qhVB8eUGwkdVvd8Fezk0AgcMPDH.jpg",
      "release_date": "1996-11-21",
      "title": "Star Trek: First Contact",
      "video": false,
      "vote_average": 7.2,
      "vote_count": 907,
    },
    Object {
      "adult": false,
      "backdrop_path": "/j5td7oLm44DQF2D3Ml6mtXSOVlt.jpg",
      "genre_ids": Array [
        18,
        10402,
        10749,
      ],
      "id": 52959,
      "original_language": "en",
      "original_title": "Star!",
      "overview": "Gertrude Lawrence rises to stage stardom at the cost of happiness.",
      "popularity": 1.922,
      "poster_path": "/yQwGgWDBcpWqAr4HwNkSwc8HZzk.jpg",
      "release_date": "1968-07-18",
      "title": "Star!",
      "video": false,
      "vote_average": 6.3,
      "vote_count": 12,
    },
    Object {
      "adult": false,
      "backdrop_path": "/bfC8sfsHImqXWO1WHJJWIhWXEbo.jpg",
      "genre_ids": Array [
        18,
        10749,
      ],
      "id": 29963,
      "original_language": "en",
      "original_title": "Bright Star",
      "overview": "In 1818, high-spirited young Fanny Brawne finds herself increasingly intrigued by the handsome but aloof poet John Keats, who lives next door to her family friends the Dilkes. After reading a book of his poetry, she finds herself even more drawn to the taciturn Keats. Although he agrees to teach her about poetry, Keats cannot act on his reciprocated feelings for Fanny, since as a struggling poet he has no money to support a wife.",
      "popularity": 5.225,
      "poster_path": "/dMo0ToyAlicDeSNmY47vZkbrRIK.jpg",
      "release_date": "2009-11-05",
      "title": "Bright Star",
      "video": false,
      "vote_average": 6.7,
      "vote_count": 222,
    },
    Object {
      "adult": false,
      "backdrop_path": "/mFQxyTyHaE7LQfAXOprjRLsnmoH.jpg",
      "genre_ids": Array [
        18,
      ],
      "id": 75170,
      "original_language": "en",
      "original_title": "Third Star",
      "overview": "James and his three closest lifelong friends go on an ill-advised trip to the stunning coastal area of Barafundle Bay in West Wales. What follows is a touching and comical adventure dealing with friendship, heroism and love.",
      "popularity": 5.13,
      "poster_path": "/u6adzbQG4D1imn8GNfvVuNfJMjO.jpg",
      "release_date": "2010-06-01",
      "title": "Third Star",
      "video": false,
      "vote_average": 7.5,
      "vote_count": 71,
    },
    Object {
      "adult": false,
      "backdrop_path": "/1SLR0LqYPU3ahXyPK9RZISjI3B7.jpg",
      "genre_ids": Array [
        878,
        28,
        12,
        53,
      ],
      "id": 201,
      "original_language": "en",
      "original_title": "Star Trek: Nemesis",
      "overview": "En route to the honeymoon of William Riker to Deanna Troi on her home planet of Betazed, Captain Jean-Luc Picard and the crew of the U.S.S. Enterprise receives word from Starfleet that a coup has resulted in the installation of a new Romulan political leader, Shinzon, who claims to seek peace with the human-backed United Federation of Planets. Once in enemy territory, the captain and his crew make a startling discovery: Shinzon is human, a slave from the Romulan sister planet of Remus, and has a secret, shocking relationship to Picard himself.",
      "popularity": 8.068,
      "poster_path": "/n4TpLWPi062AofIq4kwmaPNBSvA.jpg",
      "release_date": "2002-12-13",
      "title": "Star Trek: Nemesis",
      "video": false,
      "vote_average": 6.2,
      "vote_count": 694,
    },
    Object {
      "adult": false,
      "backdrop_path": "/FTpFec420ztDa6HSpwLxGuwzis.jpg",
      "genre_ids": Array [
        16,
        28,
        12,
      ],
      "id": 56590,
      "original_language": "en",
      "original_title": "All Star Superman",
      "overview": "Lex Luthor enacts his plan to rid the world of Superman, once and for all. Succeeding with solar radiation poisoning, the Man of Steel is slowly dying. With what little times remains, the Last Son of Krypton must confront the revealing of his secret identity to Lois Lane and face Luthor in a final battle.",
      "popularity": 8.047,
      "poster_path": "/yVPzeI4OsJtJ5g17NM3ZBYdEVRW.jpg",
      "release_date": "2011-02-22",
      "title": "All Star Superman",
      "video": false,
      "vote_average": 6.9,
      "vote_count": 188,
    },
    Object {
      "adult": false,
      "backdrop_path": "/i0NGCiMxL4NIVk2hhjtVgnNYZ3a.jpg",
      "genre_ids": Array [
        878,
        14,
        28,
        12,
        10752,
      ],
      "id": 181812,
      "original_language": "en",
      "original_title": "Star Wars: Episode IX",
      "overview": "The next installment in the franchise and the conclusion of the “Star Wars“ sequel trilogy as well as the “Skywalker Saga“.",
      "popularity": 8.004,
      "poster_path": "/yVYTFvIiKyr6vsrPw3o5C6t2eoL.jpg",
      "release_date": "2019-12-18",
      "title": "Star Wars: Episode IX",
      "video": false,
      "vote_average": 0,
      "vote_count": 0,
    },
  ],
  "total_pages": 116,
  "total_results": 2304,
}
`;

exports[`movie-search api learning tests can find by title and release year 1`] = `
Object {
  "page": 1,
  "results": Array [
    Object {
      "adult": false,
      "backdrop_path": "/gWKSdGr1If6IOtWmqmCa8VdeS2K.jpg",
      "genre_ids": Array [
        35,
        10749,
      ],
      "id": 581998,
      "original_language": "en",
      "original_title": "Faith, Hope & Love",
      "overview": "Faith, a recent divorcee, enters a dance contest to save her dance studio, where she meets Jimmy and starts rediscovering her faith and dreams.",
      "popularity": 23.861,
      "poster_path": "/oggrI3I9lbpO0a2ZES1btSTWYV0.jpg",
      "release_date": "2019-03-15",
      "title": "Faith, Hope & Love",
      "video": false,
      "vote_average": 0,
      "vote_count": 0,
    },
    Object {
      "adult": false,
      "backdrop_path": "/evXvcVtWO54MDd32etf8oeMngWu.jpg",
      "genre_ids": Array [
        35,
      ],
      "id": 542968,
      "original_language": "en",
      "original_title": "For Love or Money",
      "overview": "What started off as a whirlwind romance takes an unexpected turn when Mark discovers his beautiful bride-to-be is plotting against him. In cahoots with an old school buddy, they hatch a plan to take half of Mark’s £20 million fortune and use it for their own happy ending. What they don’t realize is that Mark is one step ahead of them.",
      "popularity": 20.664,
      "poster_path": "/mGNKckwAfHzPE73VFGhDS5YIWvB.jpg",
      "release_date": "2019-03-15",
      "title": "For Love or Money",
      "video": false,
      "vote_average": 0,
      "vote_count": 2,
    },
    Object {
      "adult": false,
      "backdrop_path": "/8bTFAhCCyKS5nRdLAXHA6oXPex6.jpg",
      "genre_ids": Array [
        18,
        878,
      ],
      "id": 504592,
      "original_language": "pt",
      "original_title": "Divino Amor",
      "overview": "A  deeply religious woman uses her position in a notary’s office to advance her mission to save struggling couples from divorce. Whilst waiting for a sign in recognition of her efforts, she's confronted with a crisis in her own marriage that ultimately brings her closer to God.",
      "popularity": 4.784,
      "poster_path": "/h8mJRvuakykDvOXBFL82gATjOnE.jpg",
      "release_date": "2019-01-25",
      "title": "Divine Love",
      "video": false,
      "vote_average": 6,
      "vote_count": 1,
    },
    Object {
      "adult": false,
      "backdrop_path": "/tru1I4uXcX9DMxoRbq9rZkXwEan.jpg",
      "genre_ids": Array [
        18,
      ],
      "id": 512865,
      "original_language": "fr",
      "original_title": "C'est ça l'amour",
      "overview": "Forbach, East of France, today. Mario, a man without much ambition, except where love is concerned, is back to square one after his wife left home. He now must raise his two adolescent daughters by himself, while going through some sort of a teenage crisis of his own. 14-year-old Frida blames her father for their mother's leaving and she develops ambivalent feelings towards her new girlfriend. 17-year-old Niki will soon leave home. Until then, she lives the good life. Mario can't help but lose the women he loves. Yet they must all agree to let one another go.",
      "popularity": 5.146,
      "poster_path": "/2FH0cCTa6svC6bRdSZg5YhUpjDV.jpg",
      "release_date": "2019-03-27",
      "title": "Real Love",
      "video": false,
      "vote_average": 0,
      "vote_count": 0,
    },
    Object {
      "adult": false,
      "backdrop_path": null,
      "genre_ids": Array [
        35,
        10749,
      ],
      "id": 585550,
      "original_language": "ja",
      "original_title": "恋するふたり",
      "overview": "An insensitive man whom nobody takes seriously. A girl who is too sensitive to what others think to live freely. When the paths of the two crossed unexpectedly. The serendipity brings their life into unusual directions. Will they find a true love?",
      "popularity": 7,
      "poster_path": "/rLSo7DYMpacFNshRjNSCE6jQVY2.jpg",
      "release_date": "2019-03-12",
      "title": "Love in Parallel",
      "video": false,
      "vote_average": 0,
      "vote_count": 0,
    },
    Object {
      "adult": false,
      "backdrop_path": "/qhue4hqcwxlCPp0h671RXBc2Fu7.jpg",
      "genre_ids": Array [
        10749,
        35,
      ],
      "id": 505432,
      "original_language": "ml",
      "original_title": "ഒരു അഡാർ ലവ്",
      "overview": "Roshan has a crush on Priya, his classmate. His friends pull out all stops to help him. Will Roshan find his true love?",
      "popularity": 5.601,
      "poster_path": "/hf7Lxc4bPSn5MsHBfvfZKRjOSv5.jpg",
      "release_date": "2019-02-14",
      "title": "Oru Adaar Love",
      "video": false,
      "vote_average": 1,
      "vote_count": 1,
    },
    Object {
      "adult": false,
      "backdrop_path": "/rCS3mGOHcaOHjgJwAAMDmPEjDQP.jpg",
      "genre_ids": Array [
        35,
      ],
      "id": 570131,
      "original_language": "fr",
      "original_title": "Mon inconnue",
      "overview": "Overnight, Raphael finds himself immersed in a world where he has never met Olivia, the woman of his life. How is he going to reconquer his wife, who has become a complete stranger?",
      "popularity": 4.265,
      "poster_path": "/raEML8gTqk56xmPdmY87Lzo9Hj8.jpg",
      "release_date": "2019-04-03",
      "title": "Love at Second Sight",
      "video": false,
      "vote_average": 0,
      "vote_count": 0,
    },
    Object {
      "adult": false,
      "backdrop_path": "/cNGNa420zpsCWIBxKJMi8haMDvt.jpg",
      "genre_ids": Array [
        35,
        10749,
        80,
      ],
      "id": 585153,
      "original_language": "en",
      "original_title": "Love Shot",
      "overview": "A hitman in Koreatown meets a Karaoke hostess only to find out she is his next target.",
      "popularity": 2.887,
      "poster_path": "/ot08Kj6iGoE9THMn7qo1lkS83oL.jpg",
      "release_date": "2019-02-26",
      "title": "Love Shot",
      "video": false,
      "vote_average": 6,
      "vote_count": 1,
    },
    Object {
      "adult": false,
      "backdrop_path": null,
      "genre_ids": Array [
        10749,
        18,
      ],
      "id": 476928,
      "original_language": "en",
      "original_title": "What About Love",
      "overview": "Two young lovers change the lives of their parents forever when the parents learn from the joyful experience of their kids, and allow themselves to again find their love.",
      "popularity": 4.675,
      "poster_path": "/jGVpMWEemYCSa2p9OSCMsaBXY98.jpg",
      "release_date": "2019-09-06",
      "title": "What About Love",
      "video": false,
      "vote_average": 0,
      "vote_count": 0,
    },
    Object {
      "adult": false,
      "backdrop_path": null,
      "genre_ids": Array [
        10749,
      ],
      "id": 581316,
      "original_language": "en",
      "original_title": "Love Under the Rainbow",
      "overview": "Lucy wasn't sure if she would find true love, until Jack moves to town with his daughter Sophie. Together they teach her it's never too late to start chasing rainbows!",
      "popularity": 4.669,
      "poster_path": "/gXOZpUD97uvw1OjhtavHTXKhbpa.jpg",
      "release_date": "2019-03-09",
      "title": "Love Under the Rainbow",
      "video": false,
      "vote_average": 8,
      "vote_count": 1,
    },
    Object {
      "adult": false,
      "backdrop_path": null,
      "genre_ids": Array [],
      "id": 585218,
      "original_language": "ar",
      "original_title": "الكنز 2: الحب والمصير",
      "overview": "A sequel to The Treasure (Part 1) - Reality & Fantasy  (2017)  The movie resumes with the stories of Hatsheput in the Pharaonic era, Ali al-Zaibaq during the Ottoman era and Beshr al-Katatini, head of State Security Investigations Service, who faces new challenges in work and love, whilst pointing his son, Hassan, towards a treasure through his recorded will.",
      "popularity": 8.579,
      "poster_path": "/n39a0201aYYbrBxGIiDq2pEmXi6.jpg",
      "release_date": "2019-03-13",
      "title": "The Treasure (Part 2) - Love & Destiny",
      "video": false,
      "vote_average": 0,
      "vote_count": 0,
    },
    Object {
      "adult": false,
      "backdrop_path": null,
      "genre_ids": Array [],
      "id": 585388,
      "original_language": "es",
      "original_title": "Yo necesito amor",
      "overview": "Arcelia is a single mother. She's feed up of being alone and feels a deep need to be loved. Starts relationships, explores knowing people online, and looks for partners of the past. Nothing works. Relationships are ephemereal, men leave. A question arises inside Arcelia: Is her little son the main obstacle to her happiness?",
      "popularity": 3.932,
      "poster_path": null,
      "release_date": "2019-03-09",
      "title": "I Need Love",
      "video": false,
      "vote_average": 0,
      "vote_count": 0,
    },
    Object {
      "adult": false,
      "backdrop_path": "/gmqGmSx8sRi7XX9f39qF7FdDPUG.jpg",
      "genre_ids": Array [
        18,
      ],
      "id": 401686,
      "original_language": "en",
      "original_title": "Berlin, I Love You",
      "overview": "An anthology feature of 10 stories of romance set in the German capital.",
      "popularity": 4.113,
      "poster_path": "/i9LdjJWgYIaOkvG7NtTcq5Ox4nO.jpg",
      "release_date": "2019-02-08",
      "title": "Berlin, I Love You",
      "video": false,
      "vote_average": 4.7,
      "vote_count": 5,
    },
    Object {
      "adult": false,
      "backdrop_path": null,
      "genre_ids": Array [
        99,
      ],
      "id": 577347,
      "original_language": "en",
      "original_title": "Love the Most",
      "overview": "The Finnish filmmaker Antti Seppänen arrives in the old mining town of Real del Monte in Mexico. His two simple yet difficult questions for the people he encounters bring about varied and compelling responses concerning love, life and death.",
      "popularity": 3.585,
      "poster_path": "/z3oXgiC4C0WaOeY8Pswenl5O1mu.jpg",
      "release_date": "2019-01-31",
      "title": "Love the Most",
      "video": false,
      "vote_average": 0,
      "vote_count": 0,
    },
    Object {
      "adult": false,
      "backdrop_path": null,
      "genre_ids": Array [
        10770,
        10749,
      ],
      "id": 583724,
      "original_language": "en",
      "original_title": "Love to the Rescue",
      "overview": "Two single parents come head to head when their kids want to adopt the same dog. Agreeing to co-foster, free-spirited Kate and type-A Eric must work together to find the dog's forever home.",
      "popularity": 3.552,
      "poster_path": "/AvAWTTFjmur5E22LaXoDyWubNo.jpg",
      "release_date": "2019-03-23",
      "title": "Love to the Rescue",
      "video": false,
      "vote_average": 0,
      "vote_count": 0,
    },
    Object {
      "adult": false,
      "backdrop_path": null,
      "genre_ids": Array [
        35,
      ],
      "id": 555637,
      "original_language": "en",
      "original_title": "I Love My Mum",
      "overview": "A mother and son duo get inadvertently shipped in a container from London to Morocco with nothing but their pajamas. The adventure takes them through Spain and France on a journey to get home and rebuild their rocky relationship.",
      "popularity": 2.977,
      "poster_path": null,
      "release_date": "2019-03-30",
      "title": "I Love My Mum",
      "video": false,
      "vote_average": 0,
      "vote_count": 0,
    },
    Object {
      "adult": false,
      "backdrop_path": "/n9FKQmZvTOjnXXKQo4mvJv7uq8D.jpg",
      "genre_ids": Array [
        35,
      ],
      "id": 573718,
      "original_language": "de",
      "original_title": "Love Machine",
      "overview": "",
      "popularity": 1.849,
      "poster_path": "/7vA2BFo89iSe0wWgIbpuRgEUorQ.jpg",
      "release_date": "2019-02-01",
      "title": "Love Machine",
      "video": false,
      "vote_average": 0,
      "vote_count": 0,
    },
    Object {
      "adult": false,
      "backdrop_path": "/8GXkzHTvuj3ftethkrqW330LJKz.jpg",
      "genre_ids": Array [
        10402,
        99,
      ],
      "id": 568300,
      "original_language": "ko",
      "original_title": "러브 유어셀프 인 서울",
      "overview": "Shot at the Olympic Stadium in Seoul during the BTS World Tour ‘Love Yourself’ to celebrate the seven members of the global boyband and their unprecedented international phenomenon.",
      "popularity": 5.894,
      "poster_path": "/mjzzNjirQ5Oi7oYoy30Hwu0DiVo.jpg",
      "release_date": "2019-01-26",
      "title": "BTS World Tour: Love Yourself in Seoul",
      "video": false,
      "vote_average": 9,
      "vote_count": 16,
    },
    Object {
      "adult": false,
      "backdrop_path": "/qRdoLCqd0eCIdL4YrMpAwjfENvB.jpg",
      "genre_ids": Array [
        10749,
        35,
      ],
      "id": 574840,
      "original_language": "ko",
      "original_title": "어쩌다, 결혼",
      "overview": "Sung-seok and Hae-joo, who have been under pressure of marriage, devise a scheme at their first meet; a fake wedding. They reach an agreement under the desire of not only being free from their parents’ meddling but carrying their secret future plan. Sung-seok plans to run away with his lover who has a kid and Hae-joo plans to start her new career abroad after their planned marriage. However, their families get too much excited about this news more than their expectation and their near-flawless plan starts to become a mess.",
      "popularity": 3.102,
      "poster_path": "/aR9x3P92cQeWi1EaJBxoxkbMPnK.jpg",
      "release_date": "2019-02-27",
      "title": "Trade Your Love",
      "video": false,
      "vote_average": 0,
      "vote_count": 0,
    },
    Object {
      "adult": false,
      "backdrop_path": null,
      "genre_ids": Array [
        10770,
        10749,
      ],
      "id": 577736,
      "original_language": "en",
      "original_title": "Love on the Menu",
      "overview": "When chef Hank makes a deal with frozen food executive Maggie to save his restaurant, their unexpected attraction complicates matters, leaving Maggie conflicted: Does she choose her allegiance to her cut-throat boss or does she partner - both in work and in love - with Hank?",
      "popularity": 2.572,
      "poster_path": "/fxB7P9D8QEAVZMJqYyB3B4EW0Bd.jpg",
      "release_date": "2019-02-23",
      "title": "Love on the Menu",
      "video": false,
      "vote_average": 6.1,
      "vote_count": 5,
    },
  ],
  "total_pages": 4,
  "total_results": 65,
}
`;
